// Jest Snapshot v1, https://goo.gl/fbAQLP

exports[`App should render correctly 1`] = `
<div
  className="App"
>
  <styled.h2>
    Currency Conversion
  </styled.h2>
  <CurrencyConvertor />
</div>
`;
